C51 COMPILER V9.57.0.0   I2C                                                               03/01/2022 17:41:04 PAGE 1   


C51 COMPILER V9.57.0.0, COMPILATION OF MODULE I2C
OBJECT MODULE PLACED IN .\Objects\I2C.obj
COMPILER INVOKED BY: D:\MCU\Download\keil\Keil 5\C51\BIN\C51.EXE I2C.c OPTIMIZE(8,SPEED) BROWSE DEBUG OBJECTEXTEND PRINT
                    -(.\Listings\I2C.lst) OBJECT(.\Objects\I2C.obj)

line level    source

   1          #include <REGX52.H>
   2          
   3          sbit SDA=P2^0;
   4          sbit SCL=P2^1;
   5          
   6          /**
   7            * @brief  I2C开始
   8            * @param  无
   9            * @retval 无
  10           **/
  11          void I2C_Start()
  12          {
  13   1              SDA=1;
  14   1              SCL=1;
  15   1              SDA=0;
  16   1              SCL=0;
  17   1      }
  18          
  19          /**
  20            * @brief  I2C停止
  21            * @param  无
  22            * @retval 无
  23           **/
  24          void I2C_Stop()
  25          {
  26   1              SDA=0;
  27   1              SCL=1;
  28   1              SDA=1;
  29   1      }
  30          
  31          /**
  32            * @brief  I2C发送一个字节
  33            * @param  Byte 要发送的数据
  34            * @retval 无
  35           **/
  36          void I2C_SendByte(unsigned char Byte)
  37          {
  38   1              char i;
  39   1              for(i=0;i<8;i++)
  40   1              {
  41   2                      SDA=Byte&(0x80>>i);             //高位在前写入数据
  42   2                      SCL=1;                                  //高位发送数据，且不能变化SDA
  43   2                      SCL=0;                                  //结束
  44   2              }
  45   1      }
  46          
  47          /**
  48            * @brief  I2C接收数据
  49            * @param  无
  50            * @retval Byte 接收的数据
  51           **/
  52          unsigned char I2C_ReceiveByte()
  53          {
  54   1              unsigned char Byte,i;
C51 COMPILER V9.57.0.0   I2C                                                               03/01/2022 17:41:04 PAGE 2   

  55   1              SDA=1;                                                  //释放总线
  56   1              for(i=0;i<8;i++)
  57   1              {
  58   2                      SCL=1;                                          //开始读取
  59   2                      if(SDA)(Byte|=(0x80>>i));       //正式读取
  60   2                      SCL=0;                                          //结束
  61   2              }
  62   1              return Byte;
  63   1      }
  64          
  65          /**
  66            * @brief  I2C发送应答
  67            * @param  SA 应答位，0为应答，1为非应答
  68            * @retval 无
  69           **/
  70          void I2C_SendAck(unsigned char SA)
  71          {
  72   1              SDA=SA;
  73   1              SCL=1;
  74   1              SCL=0;
  75   1      }
  76          
  77          /**
  78            * @brief  I2C接收应答位
  79            * @param  无
  80            * @retval RA 接收到的应答位，0为应答，1为非应答
  81           **/
  82          unsigned char I2C_ReceiveAck()
  83          {
  84   1              unsigned char RA;
  85   1              SDA=1;                                          //释放总线
  86   1              SCL=1;
  87   1              RA=SDA;
  88   1              SCL=0;
  89   1              return RA;
  90   1      }


MODULE INFORMATION:   STATIC OVERLAYABLE
   CODE SIZE        =    108    ----
   CONSTANT SIZE    =   ----    ----
   XDATA SIZE       =   ----    ----
   PDATA SIZE       =   ----    ----
   DATA SIZE        =   ----    ----
   IDATA SIZE       =   ----    ----
   BIT SIZE         =   ----    ----
END OF MODULE INFORMATION.


C51 COMPILATION COMPLETE.  0 WARNING(S),  0 ERROR(S)
